// Jest Snapshot v1, https://goo.gl/fbAQLP

exports[`Shows tests should render 1`] = `
Object {
  "asFragment": [Function],
  "baseElement": <body>
    <div>
      <div
        class="shows"
      >
        <section
          class="shows_banner banner"
          style="background-size: 100% 100%;"
        >
          <div
            class="banner__intro"
          >
            <article
              class="banner__intro__content"
            >
              <h1
                class="banner__intro__title"
              >
                Welcome to MoviesWorld!
              </h1>
              <p>
                Explore and enjoy from a list of Movies collection.
              </p>
              <p>
                Start with this one....
              </p>
              <div
                class="showInfo__summary"
              >
                Hellsing is a 13-part anime based on the manga of the same name. The plot is significantly difficult to that of the the manga although the characters are the same. The show mainly focuses on the hellsing institute that houses the anti-hero named Alucard who swore loyalty to the Helsing family many years before. Alucard being the first ever vampire takes on a new apprentice named Sera's.
              </div>
              <h4
                class="tagline"
              >
                Find next? ...
              </h4>
              <h5
                class="appName"
              >
                MoviesWorld!
              </h5>
            </article>
          </div>
        </section>
        <section
          class="shows__search"
        >
          <form
            class="sheader__center"
          >
            <svg
              aria-hidden="true"
              class="MuiSvgIcon-root MuiSvgIcon-fontSizeMedium css-i4bv87-MuiSvgIcon-root"
              data-testid="SearchIcon"
              focusable="false"
              viewBox="0 0 24 24"
            >
              <path
                d="M15.5 14h-.79l-.28-.27C15.41 12.59 16 11.11 16 9.5 16 5.91 13.09 3 9.5 3S3 5.91 3 9.5 5.91 16 9.5 16c1.61 0 3.09-.59 4.23-1.57l.27.28v.79l5 4.99L20.49 19l-4.99-5zm-6 0C7.01 14 5 11.99 5 9.5S7.01 5 9.5 5 14 7.01 14 9.5 11.99 14 9.5 14z"
              />
            </svg>
            <input
              id="search1"
              placeholder="Find your show"
              type="text"
              value=""
            />
          </form>
        </section>
        <main
          class="shows__container"
        />
      </div>
    </div>
  </body>,
  "container": <div>
    <div
      class="shows"
    >
      <section
        class="shows_banner banner"
        style="background-size: 100% 100%;"
      >
        <div
          class="banner__intro"
        >
          <article
            class="banner__intro__content"
          >
            <h1
              class="banner__intro__title"
            >
              Welcome to MoviesWorld!
            </h1>
            <p>
              Explore and enjoy from a list of Movies collection.
            </p>
            <p>
              Start with this one....
            </p>
            <div
              class="showInfo__summary"
            >
              Hellsing is a 13-part anime based on the manga of the same name. The plot is significantly difficult to that of the the manga although the characters are the same. The show mainly focuses on the hellsing institute that houses the anti-hero named Alucard who swore loyalty to the Helsing family many years before. Alucard being the first ever vampire takes on a new apprentice named Sera's.
            </div>
            <h4
              class="tagline"
            >
              Find next? ...
            </h4>
            <h5
              class="appName"
            >
              MoviesWorld!
            </h5>
          </article>
        </div>
      </section>
      <section
        class="shows__search"
      >
        <form
          class="sheader__center"
        >
          <svg
            aria-hidden="true"
            class="MuiSvgIcon-root MuiSvgIcon-fontSizeMedium css-i4bv87-MuiSvgIcon-root"
            data-testid="SearchIcon"
            focusable="false"
            viewBox="0 0 24 24"
          >
            <path
              d="M15.5 14h-.79l-.28-.27C15.41 12.59 16 11.11 16 9.5 16 5.91 13.09 3 9.5 3S3 5.91 3 9.5 5.91 16 9.5 16c1.61 0 3.09-.59 4.23-1.57l.27.28v.79l5 4.99L20.49 19l-4.99-5zm-6 0C7.01 14 5 11.99 5 9.5S7.01 5 9.5 5 14 7.01 14 9.5 11.99 14 9.5 14z"
            />
          </svg>
          <input
            id="search1"
            placeholder="Find your show"
            type="text"
            value=""
          />
        </form>
      </section>
      <main
        class="shows__container"
      />
    </div>
  </div>,
  "debug": [Function],
  "findAllByAltText": [Function],
  "findAllByDisplayValue": [Function],
  "findAllByLabelText": [Function],
  "findAllByPlaceholderText": [Function],
  "findAllByRole": [Function],
  "findAllByTestId": [Function],
  "findAllByText": [Function],
  "findAllByTitle": [Function],
  "findByAltText": [Function],
  "findByDisplayValue": [Function],
  "findByLabelText": [Function],
  "findByPlaceholderText": [Function],
  "findByRole": [Function],
  "findByTestId": [Function],
  "findByText": [Function],
  "findByTitle": [Function],
  "getAllByAltText": [Function],
  "getAllByDisplayValue": [Function],
  "getAllByLabelText": [Function],
  "getAllByPlaceholderText": [Function],
  "getAllByRole": [Function],
  "getAllByTestId": [Function],
  "getAllByText": [Function],
  "getAllByTitle": [Function],
  "getByAltText": [Function],
  "getByDisplayValue": [Function],
  "getByLabelText": [Function],
  "getByPlaceholderText": [Function],
  "getByRole": [Function],
  "getByTestId": [Function],
  "getByText": [Function],
  "getByTitle": [Function],
  "queryAllByAltText": [Function],
  "queryAllByDisplayValue": [Function],
  "queryAllByLabelText": [Function],
  "queryAllByPlaceholderText": [Function],
  "queryAllByRole": [Function],
  "queryAllByTestId": [Function],
  "queryAllByText": [Function],
  "queryAllByTitle": [Function],
  "queryByAltText": [Function],
  "queryByDisplayValue": [Function],
  "queryByLabelText": [Function],
  "queryByPlaceholderText": [Function],
  "queryByRole": [Function],
  "queryByTestId": [Function],
  "queryByText": [Function],
  "queryByTitle": [Function],
  "rerender": [Function],
  "unmount": [Function],
}
`;
